npm warn deprecated inflight@1.0.6: This module is not supported, and leaks memory. Do not use it. Check out lru-cache if you want a good and tested way to coalesce async requests by a key value, which is much more comprehensive and powerful.
npm warn deprecated rimraf@2.7.1: Rimraf versions prior to v4 are no longer supported
npm warn deprecated rimraf@3.0.2: Rimraf versions prior to v4 are no longer supported
npm warn deprecated glob@7.2.3: Old versions of glob are not supported, and contain widely publicized security vulnerabilities, which have been fixed in the current version. Please update. Support for old versions may be purchased (at exorbitant rates) by contacting i@izs.me
npm warn deprecated uuid@8.3.2: uuid@10 and below is no longer supported.  For ESM codebases, update to uuid@latest.  For CommonJS codebases, use uuid@11 (but be aware this version will likely be deprecated in 2028).
npm warn deprecated tslint@6.1.3: TSLint has been deprecated in favor of ESLint. Please see https://github.com/palantir/tslint/issues/4534 for more information.
npm warn cleanup Failed to remove some directories [
npm warn cleanup   [
npm warn cleanup     'C:\\dev\\angular\\AngularMarketPlace\\node_modules',
npm warn cleanup     [Error: EPERM: operation not permitted, lstat 'C:\dev\angular\AngularMarketPlace\node_modules\esbuild-wasm\esbuild.wasm'] {
npm warn cleanup       errno: -4048,
npm warn cleanup       code: 'EPERM',
npm warn cleanup       syscall: 'lstat',
npm warn cleanup       path: 'C:\\dev\\angular\\AngularMarketPlace\\node_modules\\esbuild-wasm\\esbuild.wasm'
npm warn cleanup     }
npm warn cleanup   ],
npm warn cleanup   [
npm warn cleanup     'C:\\dev\\angular\\AngularMarketPlace\\node_modules\\typescript',
npm warn cleanup     [Error: ENOTEMPTY: directory not empty, rmdir 'C:\dev\angular\AngularMarketPlace\node_modules\typescript\lib'] {
npm warn cleanup       errno: -4051,
npm warn cleanup       code: 'ENOTEMPTY',
npm warn cleanup       syscall: 'rmdir',
npm warn cleanup       path: 'C:\\dev\\angular\\AngularMarketPlace\\node_modules\\typescript\\lib'
npm warn cleanup     }
npm warn cleanup   ],
npm warn cleanup   [
npm warn cleanup     'C:\\dev\\angular\\AngularMarketPlace\\node_modules\\esbuild-wasm',
npm warn cleanup     [Error: ENOTEMPTY: directory not empty, rmdir 'C:\dev\angular\AngularMarketPlace\node_modules\esbuild-wasm'] {
npm warn cleanup       errno: -4051,
npm warn cleanup       code: 'ENOTEMPTY',
npm warn cleanup       syscall: 'rmdir',
npm warn cleanup       path: 'C:\\dev\\angular\\AngularMarketPlace\\node_modules\\esbuild-wasm'
npm warn cleanup     }
npm warn cleanup   ],
npm warn cleanup   [
npm warn cleanup     'C:\\dev\\angular\\AngularMarketPlace\\node_modules\\prettier',
npm warn cleanup     [Error: EPERM: operation not permitted, unlink 'C:\dev\angular\AngularMarketPlace\node_modules\prettier\plugins\yaml.js'] {
npm warn cleanup       errno: -4048,
npm warn cleanup       code: 'EPERM',
npm warn cleanup       syscall: 'unlink',
npm warn cleanup       path: 'C:\\dev\\angular\\AngularMarketPlace\\node_modules\\prettier\\plugins\\yaml.js'
npm warn cleanup     }
npm warn cleanup   ],
npm warn cleanup   [
npm warn cleanup     'C:\\dev\\angular\\AngularMarketPlace\\node_modules\\webpack',
npm warn cleanup     [Error: ENOTEMPTY: directory not empty, rmdir 'C:\dev\angular\AngularMarketPlace\node_modules\webpack\schemas\plugins\schemes'] {
npm warn cleanup       errno: -4051,
npm warn cleanup       code: 'ENOTEMPTY',
npm warn cleanup       syscall: 'rmdir',
npm warn cleanup       path: 'C:\\dev\\angular\\AngularMarketPlace\\node_modules\\webpack\\schemas\\plugins\\schemes'
npm warn cleanup     }
npm warn cleanup   ],
npm warn cleanup   [
npm warn cleanup     'C:\\dev\\angular\\AngularMarketPlace\\node_modules\\rxjs',
npm warn cleanup     [Error: EPERM: operation not permitted, unlink 'C:\dev\angular\AngularMarketPlace\node_modules\rxjs\src\internal\operators\timeout.ts'] {
npm warn cleanup       errno: -4048,
npm warn cleanup       code: 'EPERM',
npm warn cleanup       syscall: 'unlink',
npm warn cleanup       path: 'C:\\dev\\angular\\AngularMarketPlace\\node_modules\\rxjs\\src\\internal\\operators\\timeout.ts'
npm warn cleanup     }
npm warn cleanup   ],
npm warn cleanup   [
npm warn cleanup     'C:\\dev\\angular\\AngularMarketPlace\\node_modules\\@cspotcode',
npm warn cleanup     [Error: EPERM: operation not permitted, rmdir 'C:\dev\angular\AngularMarketPlace\node_modules\@cspotcode\source-map-support\node_modules'] {
npm warn cleanup       errno: -4048,
npm warn cleanup       code: 'EPERM',
npm warn cleanup       syscall: 'rmdir',
npm warn cleanup       path: 'C:\\dev\\angular\\AngularMarketPlace\\node_modules\\@cspotcode\\source-map-support\\node_modules'
npm warn cleanup     }
npm warn cleanup   ],
npm warn cleanup   [
npm warn cleanup     'C:\\dev\\angular\\AngularMarketPlace\\node_modules\\@jsonjoy.com\\util',
npm warn cleanup     [Error: EPERM: operation not permitted, rmdir 'C:\dev\angular\AngularMarketPlace\node_modules\@jsonjoy.com\util\node_modules'] {
npm warn cleanup       errno: -4048,
npm warn cleanup       code: 'EPERM',
npm warn cleanup       syscall: 'rmdir',
npm warn cleanup       path: 'C:\\dev\\angular\\AngularMarketPlace\\node_modules\\@jsonjoy.com\\util\\node_modules'
npm warn cleanup     }
npm warn cleanup   ],
npm warn cleanup   [
npm warn cleanup     'C:\\dev\\angular\\AngularMarketPlace\\node_modules\\@angular',
npm warn cleanup     [Error: EPERM: operation not permitted, rmdir 'C:\dev\angular\AngularMarketPlace\node_modules\@angular'] {
npm warn cleanup       errno: -4048,
npm warn cleanup       code: 'EPERM',
npm warn cleanup       syscall: 'rmdir',
npm warn cleanup       path: 'C:\\dev\\angular\\AngularMarketPlace\\node_modules\\@angular'
npm warn cleanup     }
npm warn cleanup   ]
npm warn cleanup ]
npm error code ECONNRESET
npm error syscall read
npm error errno -4077
npm error network read ECONNRESET
npm error network This is a problem related to network connectivity.
npm error network In most cases you are behind a proxy or have bad network settings.
npm error network
npm error network If you are behind a proxy, please make sure that the
npm error network 'proxy' config is set properly.  See: 'npm help config'
npm error A complete log of this run can be found in: C:\Users\raul_\AppData\Local\npm-cache\_logs\2026-06-02T18_15_11_683Z-debug-0.log
